[2022-02-19T17:32:23.699+0700][gc,heap] Heap region size: 1M
[2022-02-19T17:32:23.718+0700][gc     ] Using G1
[2022-02-19T17:32:23.718+0700][gc,heap,coops] Heap address: 0x00000000c0000000, size: 1024 MB, Compressed Oops mode: 32-bit
[2022-02-19T17:32:29.242+0700][gc,start     ] GC(0) Pause Young (Normal) (G1 Evacuation Pause)
[2022-02-19T17:32:29.242+0700][gc,task      ] GC(0) Using 1 workers of 1 for evacuation
[2022-02-19T17:32:29.282+0700][gc,mmu       ] GC(0) MMU target violated: 21.0ms (20.0ms/21.0ms)
[2022-02-19T17:32:29.282+0700][gc,phases    ] GC(0)   Pre Evacuate Collection Set: 0.0ms
[2022-02-19T17:32:29.282+0700][gc,phases    ] GC(0)   Evacuate Collection Set: 39.1ms
[2022-02-19T17:32:29.282+0700][gc,phases    ] GC(0)   Post Evacuate Collection Set: 0.4ms
[2022-02-19T17:32:29.282+0700][gc,phases    ] GC(0)   Other: 0.4ms
[2022-02-19T17:32:29.282+0700][gc,heap      ] GC(0) Eden regions: 51->0(44)
[2022-02-19T17:32:29.282+0700][gc,heap      ] GC(0) Survivor regions: 0->7(7)
[2022-02-19T17:32:29.282+0700][gc,heap      ] GC(0) Old regions: 0->0
[2022-02-19T17:32:29.282+0700][gc,heap      ] GC(0) Humongous regions: 0->0
[2022-02-19T17:32:29.282+0700][gc,metaspace ] GC(0) Metaspace: 14973K->14973K(1062912K)
[2022-02-19T17:32:29.282+0700][gc           ] GC(0) Pause Young (Normal) (G1 Evacuation Pause) 51M->6M(1024M) 40.155ms
[2022-02-19T17:32:29.282+0700][gc,cpu       ] GC(0) User=0.00s Sys=0.01s Real=0.04s
[2022-02-19T17:32:31.648+0700][gc,start     ] GC(1) Pause Young (Concurrent Start) (Metadata GC Threshold)
[2022-02-19T17:32:31.648+0700][gc,task      ] GC(1) Using 1 workers of 1 for evacuation
[2022-02-19T17:32:31.664+0700][gc,phases    ] GC(1)   Pre Evacuate Collection Set: 0.1ms
[2022-02-19T17:32:31.664+0700][gc,phases    ] GC(1)   Evacuate Collection Set: 15.2ms
[2022-02-19T17:32:31.664+0700][gc,phases    ] GC(1)   Post Evacuate Collection Set: 0.2ms
[2022-02-19T17:32:31.664+0700][gc,phases    ] GC(1)   Other: 0.2ms
[2022-02-19T17:32:31.664+0700][gc,heap      ] GC(1) Eden regions: 24->0(50)
[2022-02-19T17:32:31.664+0700][gc,heap      ] GC(1) Survivor regions: 7->1(7)
[2022-02-19T17:32:31.664+0700][gc,heap      ] GC(1) Old regions: 0->7
[2022-02-19T17:32:31.664+0700][gc,heap      ] GC(1) Humongous regions: 0->0
[2022-02-19T17:32:31.664+0700][gc,metaspace ] GC(1) Metaspace: 20640K->20640K(1067008K)
[2022-02-19T17:32:31.664+0700][gc           ] GC(1) Pause Young (Concurrent Start) (Metadata GC Threshold) 30M->7M(1024M) 16.009ms
[2022-02-19T17:32:31.664+0700][gc,cpu       ] GC(1) User=0.01s Sys=0.00s Real=0.01s
[2022-02-19T17:32:31.664+0700][gc           ] GC(2) Concurrent Cycle
[2022-02-19T17:32:31.664+0700][gc,marking   ] GC(2) Concurrent Clear Claimed Marks
[2022-02-19T17:32:31.664+0700][gc,marking   ] GC(2) Concurrent Clear Claimed Marks 0.072ms
[2022-02-19T17:32:31.664+0700][gc,marking   ] GC(2) Concurrent Scan Root Regions
[2022-02-19T17:32:31.669+0700][gc,marking   ] GC(2) Concurrent Scan Root Regions 4.879ms
[2022-02-19T17:32:31.669+0700][gc,marking   ] GC(2) Concurrent Mark (7.990s)
[2022-02-19T17:32:31.669+0700][gc,marking   ] GC(2) Concurrent Mark From Roots
[2022-02-19T17:32:31.669+0700][gc,task      ] GC(2) Using 1 workers of 1 for marking
[2022-02-19T17:32:31.709+0700][gc,marking   ] GC(2) Concurrent Mark From Roots 39.884ms
[2022-02-19T17:32:31.709+0700][gc,marking   ] GC(2) Concurrent Preclean
[2022-02-19T17:32:31.709+0700][gc,marking   ] GC(2) Concurrent Preclean 0.084ms
[2022-02-19T17:32:31.709+0700][gc,marking   ] GC(2) Concurrent Mark (7.990s, 8.030s) 40.029ms
[2022-02-19T17:32:31.709+0700][gc,start     ] GC(2) Pause Remark
[2022-02-19T17:32:31.717+0700][gc,stringtable] GC(2) Cleaned string and symbol table, strings: 8963 processed, 0 removed, symbols: 51172 processed, 60 removed
[2022-02-19T17:32:31.718+0700][gc            ] GC(2) Pause Remark 8M->8M(1024M) 8.242ms
[2022-02-19T17:32:31.718+0700][gc,cpu        ] GC(2) User=0.01s Sys=0.00s Real=0.02s
[2022-02-19T17:32:31.718+0700][gc,marking    ] GC(2) Concurrent Rebuild Remembered Sets
[2022-02-19T17:32:31.759+0700][gc,marking    ] GC(2) Concurrent Rebuild Remembered Sets 40.942ms
[2022-02-19T17:32:31.767+0700][gc,start      ] GC(2) Pause Cleanup
[2022-02-19T17:32:31.767+0700][gc            ] GC(2) Pause Cleanup 8M->8M(1024M) 0.252ms
[2022-02-19T17:32:31.767+0700][gc,cpu        ] GC(2) User=0.01s Sys=0.00s Real=0.00s
[2022-02-19T17:32:31.767+0700][gc,marking    ] GC(2) Concurrent Cleanup for Next Mark
[2022-02-19T17:32:31.845+0700][gc,marking    ] GC(2) Concurrent Cleanup for Next Mark 78.137ms
[2022-02-19T17:32:31.845+0700][gc            ] GC(2) Concurrent Cycle 180.975ms
[2022-02-19T17:32:35.361+0700][gc,start      ] GC(3) Pause Young (Normal) (G1 Evacuation Pause)
[2022-02-19T17:32:35.361+0700][gc,task       ] GC(3) Using 1 workers of 1 for evacuation
[2022-02-19T17:32:35.381+0700][gc,phases     ] GC(3)   Pre Evacuate Collection Set: 0.0ms
[2022-02-19T17:32:35.381+0700][gc,phases     ] GC(3)   Evacuate Collection Set: 19.1ms
[2022-02-19T17:32:35.381+0700][gc,phases     ] GC(3)   Post Evacuate Collection Set: 0.3ms
[2022-02-19T17:32:35.381+0700][gc,phases     ] GC(3)   Other: 0.4ms
[2022-02-19T17:32:35.381+0700][gc,heap       ] GC(3) Eden regions: 50->0(47)
[2022-02-19T17:32:35.381+0700][gc,heap       ] GC(3) Survivor regions: 1->4(7)
[2022-02-19T17:32:35.381+0700][gc,heap       ] GC(3) Old regions: 7->7
[2022-02-19T17:32:35.381+0700][gc,heap       ] GC(3) Humongous regions: 129->129
[2022-02-19T17:32:35.381+0700][gc,metaspace  ] GC(3) Metaspace: 29339K->29339K(1075200K)
[2022-02-19T17:32:35.381+0700][gc            ] GC(3) Pause Young (Normal) (G1 Evacuation Pause) 186M->139M(1024M) 20.134ms
[2022-02-19T17:32:35.381+0700][gc,cpu        ] GC(3) User=0.01s Sys=0.00s Real=0.02s
[2022-02-19T17:32:37.160+0700][gc,start      ] GC(4) Pause Young (Concurrent Start) (Metadata GC Threshold)
[2022-02-19T17:32:37.160+0700][gc,task       ] GC(4) Using 1 workers of 1 for evacuation
[2022-02-19T17:32:37.195+0700][gc,mmu        ] GC(4) MMU target violated: 21.0ms (20.0ms/21.0ms)
[2022-02-19T17:32:37.195+0700][gc,phases     ] GC(4)   Pre Evacuate Collection Set: 0.1ms
[2022-02-19T17:32:37.195+0700][gc,phases     ] GC(4)   Evacuate Collection Set: 27.7ms
[2022-02-19T17:32:37.195+0700][gc,phases     ] GC(4)   Post Evacuate Collection Set: 6.7ms
[2022-02-19T17:32:37.195+0700][gc,phases     ] GC(4)   Other: 0.4ms
[2022-02-19T17:32:37.195+0700][gc,heap       ] GC(4) Eden regions: 25->0(45)
[2022-02-19T17:32:37.195+0700][gc,heap       ] GC(4) Survivor regions: 4->6(7)
[2022-02-19T17:32:37.195+0700][gc,heap       ] GC(4) Old regions: 7->8
[2022-02-19T17:32:37.195+0700][gc,heap       ] GC(4) Humongous regions: 129->129
[2022-02-19T17:32:37.195+0700][gc,metaspace  ] GC(4) Metaspace: 34433K->34433K(1081344K)
[2022-02-19T17:32:37.195+0700][gc            ] GC(4) Pause Young (Concurrent Start) (Metadata GC Threshold) 164M->142M(1024M) 35.080ms
[2022-02-19T17:32:37.195+0700][gc,cpu        ] GC(4) User=0.02s Sys=0.00s Real=0.03s
[2022-02-19T17:32:37.195+0700][gc            ] GC(5) Concurrent Cycle
[2022-02-19T17:32:37.195+0700][gc,marking    ] GC(5) Concurrent Clear Claimed Marks
[2022-02-19T17:32:37.196+0700][gc,marking    ] GC(5) Concurrent Clear Claimed Marks 0.153ms
[2022-02-19T17:32:37.196+0700][gc,marking    ] GC(5) Concurrent Scan Root Regions
[2022-02-19T17:32:37.198+0700][gc,marking    ] GC(5) Concurrent Scan Root Regions 2.629ms
[2022-02-19T17:32:37.198+0700][gc,marking    ] GC(5) Concurrent Mark (13.519s)
[2022-02-19T17:32:37.198+0700][gc,marking    ] GC(5) Concurrent Mark From Roots
[2022-02-19T17:32:37.198+0700][gc,task       ] GC(5) Using 1 workers of 1 for marking
[2022-02-19T17:32:37.221+0700][gc,marking    ] GC(5) Concurrent Mark From Roots 22.372ms
[2022-02-19T17:32:37.221+0700][gc,marking    ] GC(5) Concurrent Preclean
[2022-02-19T17:32:37.221+0700][gc,marking    ] GC(5) Concurrent Preclean 0.121ms
[2022-02-19T17:32:37.221+0700][gc,marking    ] GC(5) Concurrent Mark (13.519s, 13.542s) 22.760ms
[2022-02-19T17:32:37.262+0700][gc,start      ] GC(5) Pause Remark
[2022-02-19T17:32:37.273+0700][gc,stringtable] GC(5) Cleaned string and symbol table, strings: 14447 processed, 12 removed, symbols: 83532 processed, 17 removed
[2022-02-19T17:32:37.273+0700][gc            ] GC(5) Pause Remark 143M->143M(1024M) 11.064ms
[2022-02-19T17:32:37.275+0700][gc,cpu        ] GC(5) User=0.01s Sys=0.00s Real=0.02s
[2022-02-19T17:32:37.275+0700][gc,marking    ] GC(5) Concurrent Rebuild Remembered Sets
[2022-02-19T17:32:37.418+0700][gc,marking    ] GC(5) Concurrent Rebuild Remembered Sets 143.139ms
[2022-02-19T17:32:37.426+0700][gc,start      ] GC(5) Pause Cleanup
[2022-02-19T17:32:37.426+0700][gc            ] GC(5) Pause Cleanup 145M->145M(1024M) 0.345ms
[2022-02-19T17:32:37.426+0700][gc,cpu        ] GC(5) User=0.00s Sys=0.00s Real=0.00s
[2022-02-19T17:32:37.426+0700][gc,marking    ] GC(5) Concurrent Cleanup for Next Mark
[2022-02-19T17:32:37.453+0700][gc,marking    ] GC(5) Concurrent Cleanup for Next Mark 26.970ms
[2022-02-19T17:32:37.453+0700][gc            ] GC(5) Concurrent Cycle 257.971ms
