[2022-02-20T00:11:32.936+0700][gc,heap] Heap region size: 1M
[2022-02-20T00:11:32.947+0700][gc     ] Using G1
[2022-02-20T00:11:32.947+0700][gc,heap,coops] Heap address: 0x00000000c0000000, size: 1024 MB, Compressed Oops mode: 32-bit
[2022-02-20T00:11:34.816+0700][gc,start     ] GC(0) Pause Young (Normal) (G1 Evacuation Pause)
[2022-02-20T00:11:34.816+0700][gc,task      ] GC(0) Using 1 workers of 1 for evacuation
[2022-02-20T00:11:34.841+0700][gc,mmu       ] GC(0) MMU target violated: 21.0ms (20.0ms/21.0ms)
[2022-02-20T00:11:34.841+0700][gc,phases    ] GC(0)   Pre Evacuate Collection Set: 0.0ms
[2022-02-20T00:11:34.841+0700][gc,phases    ] GC(0)   Evacuate Collection Set: 23.9ms
[2022-02-20T00:11:34.841+0700][gc,phases    ] GC(0)   Post Evacuate Collection Set: 0.8ms
[2022-02-20T00:11:34.841+0700][gc,phases    ] GC(0)   Other: 0.3ms
[2022-02-20T00:11:34.841+0700][gc,heap      ] GC(0) Eden regions: 51->0(44)
[2022-02-20T00:11:34.841+0700][gc,heap      ] GC(0) Survivor regions: 0->7(7)
[2022-02-20T00:11:34.841+0700][gc,heap      ] GC(0) Old regions: 0->0
[2022-02-20T00:11:34.841+0700][gc,heap      ] GC(0) Humongous regions: 0->0
[2022-02-20T00:11:34.841+0700][gc,metaspace ] GC(0) Metaspace: 15276K->15276K(1062912K)
[2022-02-20T00:11:34.842+0700][gc           ] GC(0) Pause Young (Normal) (G1 Evacuation Pause) 51M->6M(1024M) 25.122ms
[2022-02-20T00:11:34.842+0700][gc,cpu       ] GC(0) User=0.00s Sys=0.01s Real=0.03s
[2022-02-20T00:11:35.516+0700][gc,start     ] GC(1) Pause Young (Concurrent Start) (Metadata GC Threshold)
[2022-02-20T00:11:35.516+0700][gc,task      ] GC(1) Using 1 workers of 1 for evacuation
[2022-02-20T00:11:35.556+0700][gc,mmu       ] GC(1) MMU target violated: 21.0ms (20.0ms/21.0ms)
[2022-02-20T00:11:35.557+0700][gc,phases    ] GC(1)   Pre Evacuate Collection Set: 0.1ms
[2022-02-20T00:11:35.557+0700][gc,phases    ] GC(1)   Evacuate Collection Set: 39.9ms
[2022-02-20T00:11:35.557+0700][gc,phases    ] GC(1)   Post Evacuate Collection Set: 0.6ms
[2022-02-20T00:11:35.557+0700][gc,phases    ] GC(1)   Other: 0.3ms
[2022-02-20T00:11:35.557+0700][gc,heap      ] GC(1) Eden regions: 22->0(50)
[2022-02-20T00:11:35.557+0700][gc,heap      ] GC(1) Survivor regions: 7->1(7)
[2022-02-20T00:11:35.557+0700][gc,heap      ] GC(1) Old regions: 0->7
[2022-02-20T00:11:35.557+0700][gc,heap      ] GC(1) Humongous regions: 0->0
[2022-02-20T00:11:35.557+0700][gc,metaspace ] GC(1) Metaspace: 20638K->20638K(1067008K)
[2022-02-20T00:11:35.557+0700][gc           ] GC(1) Pause Young (Concurrent Start) (Metadata GC Threshold) 28M->7M(1024M) 40.986ms
[2022-02-20T00:11:35.557+0700][gc,cpu       ] GC(1) User=0.03s Sys=0.00s Real=0.04s
[2022-02-20T00:11:35.557+0700][gc           ] GC(2) Concurrent Cycle
[2022-02-20T00:11:35.558+0700][gc,marking   ] GC(2) Concurrent Clear Claimed Marks
[2022-02-20T00:11:35.558+0700][gc,marking   ] GC(2) Concurrent Clear Claimed Marks 0.084ms
[2022-02-20T00:11:35.558+0700][gc,marking   ] GC(2) Concurrent Scan Root Regions
[2022-02-20T00:11:35.559+0700][gc,marking   ] GC(2) Concurrent Scan Root Regions 0.538ms
[2022-02-20T00:11:35.559+0700][gc,marking   ] GC(2) Concurrent Mark (2.631s)
[2022-02-20T00:11:35.559+0700][gc,marking   ] GC(2) Concurrent Mark From Roots
[2022-02-20T00:11:35.559+0700][gc,task      ] GC(2) Using 1 workers of 1 for marking
[2022-02-20T00:11:35.595+0700][gc,marking   ] GC(2) Concurrent Mark From Roots 36.642ms
[2022-02-20T00:11:35.595+0700][gc,marking   ] GC(2) Concurrent Preclean
[2022-02-20T00:11:35.595+0700][gc,marking   ] GC(2) Concurrent Preclean 0.094ms
[2022-02-20T00:11:35.595+0700][gc,marking   ] GC(2) Concurrent Mark (2.631s, 2.668s) 36.876ms
[2022-02-20T00:11:35.596+0700][gc,start     ] GC(2) Pause Remark
[2022-02-20T00:11:35.598+0700][gc,stringtable] GC(2) Cleaned string and symbol table, strings: 8898 processed, 0 removed, symbols: 51015 processed, 59 removed
[2022-02-20T00:11:35.599+0700][gc            ] GC(2) Pause Remark 8M->8M(1024M) 3.041ms
[2022-02-20T00:11:35.599+0700][gc,cpu        ] GC(2) User=0.00s Sys=0.00s Real=0.00s
[2022-02-20T00:11:35.599+0700][gc,marking    ] GC(2) Concurrent Rebuild Remembered Sets
[2022-02-20T00:11:35.619+0700][gc,marking    ] GC(2) Concurrent Rebuild Remembered Sets 20.152ms
[2022-02-20T00:11:35.628+0700][gc,start      ] GC(2) Pause Cleanup
[2022-02-20T00:11:35.628+0700][gc            ] GC(2) Pause Cleanup 8M->8M(1024M) 0.226ms
[2022-02-20T00:11:35.628+0700][gc,cpu        ] GC(2) User=0.00s Sys=0.00s Real=0.00s
[2022-02-20T00:11:35.628+0700][gc,marking    ] GC(2) Concurrent Cleanup for Next Mark
[2022-02-20T00:11:35.723+0700][gc,marking    ] GC(2) Concurrent Cleanup for Next Mark 94.543ms
[2022-02-20T00:11:35.723+0700][gc            ] GC(2) Concurrent Cycle 165.863ms
[2022-02-20T00:11:37.272+0700][gc,start      ] GC(3) Pause Young (Normal) (G1 Evacuation Pause)
[2022-02-20T00:11:37.272+0700][gc,task       ] GC(3) Using 1 workers of 1 for evacuation
[2022-02-20T00:11:37.281+0700][gc,phases     ] GC(3)   Pre Evacuate Collection Set: 0.0ms
[2022-02-20T00:11:37.281+0700][gc,phases     ] GC(3)   Evacuate Collection Set: 8.6ms
[2022-02-20T00:11:37.281+0700][gc,phases     ] GC(3)   Post Evacuate Collection Set: 0.3ms
[2022-02-20T00:11:37.281+0700][gc,phases     ] GC(3)   Other: 0.2ms
[2022-02-20T00:11:37.281+0700][gc,heap       ] GC(3) Eden regions: 50->0(47)
[2022-02-20T00:11:37.281+0700][gc,heap       ] GC(3) Survivor regions: 1->4(7)
[2022-02-20T00:11:37.281+0700][gc,heap       ] GC(3) Old regions: 7->7
[2022-02-20T00:11:37.281+0700][gc,heap       ] GC(3) Humongous regions: 129->129
[2022-02-20T00:11:37.281+0700][gc,metaspace  ] GC(3) Metaspace: 29785K->29785K(1075200K)
[2022-02-20T00:11:37.281+0700][gc            ] GC(3) Pause Young (Normal) (G1 Evacuation Pause) 186M->139M(1024M) 9.305ms
[2022-02-20T00:11:37.281+0700][gc,cpu        ] GC(3) User=0.01s Sys=0.00s Real=0.01s
[2022-02-20T00:11:38.143+0700][gc,start      ] GC(4) Pause Young (Concurrent Start) (Metadata GC Threshold)
[2022-02-20T00:11:38.143+0700][gc,task       ] GC(4) Using 1 workers of 1 for evacuation
[2022-02-20T00:11:38.180+0700][gc,mmu        ] GC(4) MMU target violated: 21.0ms (20.0ms/21.0ms)
[2022-02-20T00:11:38.180+0700][gc,phases     ] GC(4)   Pre Evacuate Collection Set: 0.1ms
[2022-02-20T00:11:38.181+0700][gc,phases     ] GC(4)   Evacuate Collection Set: 37.0ms
[2022-02-20T00:11:38.181+0700][gc,phases     ] GC(4)   Post Evacuate Collection Set: 0.2ms
[2022-02-20T00:11:38.181+0700][gc,phases     ] GC(4)   Other: 0.3ms
[2022-02-20T00:11:38.181+0700][gc,heap       ] GC(4) Eden regions: 26->0(46)
[2022-02-20T00:11:38.181+0700][gc,heap       ] GC(4) Survivor regions: 4->5(7)
[2022-02-20T00:11:38.181+0700][gc,heap       ] GC(4) Old regions: 7->8
[2022-02-20T00:11:38.181+0700][gc,heap       ] GC(4) Humongous regions: 129->129
[2022-02-20T00:11:38.181+0700][gc,metaspace  ] GC(4) Metaspace: 34697K->34697K(1081344K)
[2022-02-20T00:11:38.181+0700][gc            ] GC(4) Pause Young (Concurrent Start) (Metadata GC Threshold) 164M->141M(1024M) 37.874ms
[2022-02-20T00:11:38.181+0700][gc,cpu        ] GC(4) User=0.04s Sys=0.00s Real=0.04s
[2022-02-20T00:11:38.181+0700][gc            ] GC(5) Concurrent Cycle
[2022-02-20T00:11:38.181+0700][gc,marking    ] GC(5) Concurrent Clear Claimed Marks
[2022-02-20T00:11:38.182+0700][gc,marking    ] GC(5) Concurrent Clear Claimed Marks 0.118ms
[2022-02-20T00:11:38.182+0700][gc,marking    ] GC(5) Concurrent Scan Root Regions
[2022-02-20T00:11:38.192+0700][gc,marking    ] GC(5) Concurrent Scan Root Regions 10.368ms
[2022-02-20T00:11:38.192+0700][gc,marking    ] GC(5) Concurrent Mark (5.264s)
[2022-02-20T00:11:38.192+0700][gc,marking    ] GC(5) Concurrent Mark From Roots
[2022-02-20T00:11:38.192+0700][gc,task       ] GC(5) Using 1 workers of 1 for marking
[2022-02-20T00:11:38.205+0700][gc,marking    ] GC(5) Concurrent Mark From Roots 12.536ms
[2022-02-20T00:11:38.205+0700][gc,marking    ] GC(5) Concurrent Preclean
[2022-02-20T00:11:38.205+0700][gc,marking    ] GC(5) Concurrent Preclean 0.065ms
[2022-02-20T00:11:38.205+0700][gc,marking    ] GC(5) Concurrent Mark (5.264s, 5.277s) 12.733ms
[2022-02-20T00:11:38.207+0700][gc,start      ] GC(5) Pause Remark
[2022-02-20T00:11:38.212+0700][gc,stringtable] GC(5) Cleaned string and symbol table, strings: 14311 processed, 11 removed, symbols: 82541 processed, 17 removed
[2022-02-20T00:11:38.212+0700][gc            ] GC(5) Pause Remark 142M->142M(1024M) 4.548ms
[2022-02-20T00:11:38.212+0700][gc,cpu        ] GC(5) User=0.01s Sys=0.00s Real=0.00s
[2022-02-20T00:11:38.212+0700][gc,marking    ] GC(5) Concurrent Rebuild Remembered Sets
[2022-02-20T00:11:38.235+0700][gc,marking    ] GC(5) Concurrent Rebuild Remembered Sets 22.763ms
[2022-02-20T00:11:38.241+0700][gc,start      ] GC(5) Pause Cleanup
[2022-02-20T00:11:38.241+0700][gc            ] GC(5) Pause Cleanup 143M->143M(1024M) 0.531ms
[2022-02-20T00:11:38.241+0700][gc,cpu        ] GC(5) User=0.00s Sys=0.00s Real=0.00s
[2022-02-20T00:11:38.241+0700][gc,marking    ] GC(5) Concurrent Cleanup for Next Mark
[2022-02-20T00:11:38.775+0700][gc,marking    ] GC(5) Concurrent Cleanup for Next Mark 533.437ms
[2022-02-20T00:11:38.776+0700][gc            ] GC(5) Concurrent Cycle 595.088ms
[2022-02-20T00:45:06.144+0700][gc,start      ] GC(6) Pause Young (Normal) (G1 Evacuation Pause)
[2022-02-20T00:45:06.144+0700][gc,task       ] GC(6) Using 1 workers of 1 for evacuation
[2022-02-20T00:45:06.165+0700][gc,mmu        ] GC(6) MMU target violated: 20.4ms (20.0ms/21.0ms)
[2022-02-20T00:45:06.165+0700][gc,phases     ] GC(6)   Pre Evacuate Collection Set: 0.2ms
[2022-02-20T00:45:06.165+0700][gc,phases     ] GC(6)   Evacuate Collection Set: 19.3ms
[2022-02-20T00:45:06.165+0700][gc,phases     ] GC(6)   Post Evacuate Collection Set: 0.7ms
[2022-02-20T00:45:06.165+0700][gc,phases     ] GC(6)   Other: 0.4ms
[2022-02-20T00:45:06.165+0700][gc,heap       ] GC(6) Eden regions: 46->0(48)
[2022-02-20T00:45:06.165+0700][gc,heap       ] GC(6) Survivor regions: 5->3(7)
[2022-02-20T00:45:06.165+0700][gc,heap       ] GC(6) Old regions: 8->11
[2022-02-20T00:45:06.166+0700][gc,heap       ] GC(6) Humongous regions: 129->129
[2022-02-20T00:45:06.166+0700][gc,metaspace  ] GC(6) Metaspace: 39694K->39694K(1085440K)
[2022-02-20T00:45:06.166+0700][gc            ] GC(6) Pause Young (Normal) (G1 Evacuation Pause) 187M->142M(1024M) 21.436ms
[2022-02-20T00:45:06.166+0700][gc,cpu        ] GC(6) User=0.00s Sys=0.02s Real=0.03s
[2022-02-20T01:04:09.731+0700][gc,start      ] GC(7) Pause Young (Normal) (G1 Evacuation Pause)
[2022-02-20T01:04:09.731+0700][gc,task       ] GC(7) Using 1 workers of 1 for evacuation
[2022-02-20T01:04:09.748+0700][gc,phases     ] GC(7)   Pre Evacuate Collection Set: 0.2ms
[2022-02-20T01:04:09.748+0700][gc,phases     ] GC(7)   Evacuate Collection Set: 15.7ms
[2022-02-20T01:04:09.748+0700][gc,phases     ] GC(7)   Post Evacuate Collection Set: 0.8ms
[2022-02-20T01:04:09.748+0700][gc,phases     ] GC(7)   Other: 0.3ms
[2022-02-20T01:04:09.748+0700][gc,heap       ] GC(7) Eden regions: 48->0(45)
[2022-02-20T01:04:09.748+0700][gc,heap       ] GC(7) Survivor regions: 3->6(7)
[2022-02-20T01:04:09.748+0700][gc,heap       ] GC(7) Old regions: 11->11
[2022-02-20T01:04:09.748+0700][gc,heap       ] GC(7) Humongous regions: 129->129
[2022-02-20T01:04:09.748+0700][gc,metaspace  ] GC(7) Metaspace: 43485K->43485K(1087488K)
[2022-02-20T01:04:09.748+0700][gc            ] GC(7) Pause Young (Normal) (G1 Evacuation Pause) 190M->145M(1024M) 17.216ms
[2022-02-20T01:04:09.748+0700][gc,cpu        ] GC(7) User=0.01s Sys=0.00s Real=0.01s
[2022-02-20T01:14:36.479+0700][gc,start      ] GC(8) Pause Young (Normal) (G1 Evacuation Pause)
[2022-02-20T01:14:36.479+0700][gc,task       ] GC(8) Using 1 workers of 1 for evacuation
[2022-02-20T01:14:36.497+0700][gc,phases     ] GC(8)   Pre Evacuate Collection Set: 0.2ms
[2022-02-20T01:14:36.497+0700][gc,phases     ] GC(8)   Evacuate Collection Set: 17.2ms
[2022-02-20T01:14:36.497+0700][gc,phases     ] GC(8)   Post Evacuate Collection Set: 0.4ms
[2022-02-20T01:14:36.497+0700][gc,phases     ] GC(8)   Other: 0.4ms
[2022-02-20T01:14:36.497+0700][gc,heap       ] GC(8) Eden regions: 45->0(45)
[2022-02-20T01:14:36.497+0700][gc,heap       ] GC(8) Survivor regions: 6->6(7)
[2022-02-20T01:14:36.497+0700][gc,heap       ] GC(8) Old regions: 11->13
[2022-02-20T01:14:36.497+0700][gc,heap       ] GC(8) Humongous regions: 129->129
[2022-02-20T01:14:36.497+0700][gc,metaspace  ] GC(8) Metaspace: 44406K->44406K(1089536K)
[2022-02-20T01:14:36.497+0700][gc            ] GC(8) Pause Young (Normal) (G1 Evacuation Pause) 190M->147M(1024M) 18.424ms
[2022-02-20T01:14:36.497+0700][gc,cpu        ] GC(8) User=0.02s Sys=0.00s Real=0.01s
[2022-02-20T01:26:09.204+0700][gc,start      ] GC(9) Pause Young (Normal) (G1 Evacuation Pause)
[2022-02-20T01:26:09.204+0700][gc,task       ] GC(9) Using 1 workers of 1 for evacuation
[2022-02-20T01:26:09.232+0700][gc,mmu        ] GC(9) MMU target violated: 21.0ms (20.0ms/21.0ms)
[2022-02-20T01:26:09.232+0700][gc,phases     ] GC(9)   Pre Evacuate Collection Set: 0.2ms
[2022-02-20T01:26:09.232+0700][gc,phases     ] GC(9)   Evacuate Collection Set: 25.6ms
[2022-02-20T01:26:09.232+0700][gc,phases     ] GC(9)   Post Evacuate Collection Set: 1.5ms
[2022-02-20T01:26:09.232+0700][gc,phases     ] GC(9)   Other: 0.7ms
[2022-02-20T01:26:09.232+0700][gc,heap       ] GC(9) Eden regions: 45->0(49)
[2022-02-20T01:26:09.232+0700][gc,heap       ] GC(9) Survivor regions: 6->2(7)
[2022-02-20T01:26:09.232+0700][gc,heap       ] GC(9) Old regions: 13->16
[2022-02-20T01:26:09.233+0700][gc,heap       ] GC(9) Humongous regions: 129->129
[2022-02-20T01:26:09.233+0700][gc,metaspace  ] GC(9) Metaspace: 44637K->44637K(1089536K)
[2022-02-20T01:26:09.233+0700][gc            ] GC(9) Pause Young (Normal) (G1 Evacuation Pause) 192M->146M(1024M) 28.329ms
[2022-02-20T01:26:09.233+0700][gc,cpu        ] GC(9) User=0.00s Sys=0.03s Real=0.03s
[2022-02-20T01:36:07.659+0700][gc,start      ] GC(10) Pause Young (Normal) (G1 Evacuation Pause)
[2022-02-20T01:36:07.659+0700][gc,task       ] GC(10) Using 1 workers of 1 for evacuation
[2022-02-20T01:36:07.667+0700][gc,phases     ] GC(10)   Pre Evacuate Collection Set: 0.1ms
[2022-02-20T01:36:07.667+0700][gc,phases     ] GC(10)   Evacuate Collection Set: 6.8ms
[2022-02-20T01:36:07.667+0700][gc,phases     ] GC(10)   Post Evacuate Collection Set: 0.6ms
[2022-02-20T01:36:07.667+0700][gc,phases     ] GC(10)   Other: 0.3ms
[2022-02-20T01:36:07.667+0700][gc,heap       ] GC(10) Eden regions: 49->0(48)
[2022-02-20T01:36:07.667+0700][gc,heap       ] GC(10) Survivor regions: 2->3(7)
[2022-02-20T01:36:07.667+0700][gc,heap       ] GC(10) Old regions: 16->16
[2022-02-20T01:36:07.667+0700][gc,heap       ] GC(10) Humongous regions: 129->129
[2022-02-20T01:36:07.667+0700][gc,metaspace  ] GC(10) Metaspace: 44686K->44686K(1089536K)
[2022-02-20T01:36:07.667+0700][gc            ] GC(10) Pause Young (Normal) (G1 Evacuation Pause) 195M->147M(1024M) 8.061ms
[2022-02-20T01:36:07.667+0700][gc,cpu        ] GC(10) User=0.01s Sys=0.00s Real=0.00s
[2022-02-20T01:46:14.206+0700][gc,start      ] GC(11) Pause Young (Normal) (G1 Evacuation Pause)
[2022-02-20T01:46:14.207+0700][gc,task       ] GC(11) Using 1 workers of 1 for evacuation
[2022-02-20T01:46:14.222+0700][gc,phases     ] GC(11)   Pre Evacuate Collection Set: 0.4ms
[2022-02-20T01:46:14.222+0700][gc,phases     ] GC(11)   Evacuate Collection Set: 13.0ms
[2022-02-20T01:46:14.222+0700][gc,phases     ] GC(11)   Post Evacuate Collection Set: 0.8ms
[2022-02-20T01:46:14.222+0700][gc,phases     ] GC(11)   Other: 2.6ms
[2022-02-20T01:46:14.222+0700][gc,heap       ] GC(11) Eden regions: 48->0(48)
[2022-02-20T01:46:14.222+0700][gc,heap       ] GC(11) Survivor regions: 3->3(7)
[2022-02-20T01:46:14.222+0700][gc,heap       ] GC(11) Old regions: 16->16
[2022-02-20T01:46:14.222+0700][gc,heap       ] GC(11) Humongous regions: 129->129
[2022-02-20T01:46:14.222+0700][gc,metaspace  ] GC(11) Metaspace: 44705K->44705K(1089536K)
[2022-02-20T01:46:14.222+0700][gc            ] GC(11) Pause Young (Normal) (G1 Evacuation Pause) 195M->147M(1024M) 15.809ms
[2022-02-20T01:46:14.222+0700][gc,cpu        ] GC(11) User=0.02s Sys=0.00s Real=0.01s
