[2022-02-19T21:45:56.258+0700][gc,heap] Heap region size: 1M
[2022-02-19T21:45:56.284+0700][gc     ] Using G1
[2022-02-19T21:45:56.284+0700][gc,heap,coops] Heap address: 0x00000000c0000000, size: 1024 MB, Compressed Oops mode: 32-bit
[2022-02-19T21:45:58.800+0700][gc,start     ] GC(0) Pause Young (Normal) (G1 Evacuation Pause)
[2022-02-19T21:45:58.800+0700][gc,task      ] GC(0) Using 1 workers of 1 for evacuation
[2022-02-19T21:45:58.854+0700][gc,mmu       ] GC(0) MMU target violated: 21.0ms (20.0ms/21.0ms)
[2022-02-19T21:45:58.854+0700][gc,phases    ] GC(0)   Pre Evacuate Collection Set: 0.0ms
[2022-02-19T21:45:58.854+0700][gc,phases    ] GC(0)   Evacuate Collection Set: 53.4ms
[2022-02-19T21:45:58.854+0700][gc,phases    ] GC(0)   Post Evacuate Collection Set: 0.3ms
[2022-02-19T21:45:58.854+0700][gc,phases    ] GC(0)   Other: 0.3ms
[2022-02-19T21:45:58.854+0700][gc,heap      ] GC(0) Eden regions: 51->0(44)
[2022-02-19T21:45:58.854+0700][gc,heap      ] GC(0) Survivor regions: 0->7(7)
[2022-02-19T21:45:58.854+0700][gc,heap      ] GC(0) Old regions: 0->0
[2022-02-19T21:45:58.854+0700][gc,heap      ] GC(0) Humongous regions: 0->0
[2022-02-19T21:45:58.854+0700][gc,metaspace ] GC(0) Metaspace: 15306K->15306K(1062912K)
[2022-02-19T21:45:58.854+0700][gc           ] GC(0) Pause Young (Normal) (G1 Evacuation Pause) 51M->6M(1024M) 53.973ms
[2022-02-19T21:45:58.854+0700][gc,cpu       ] GC(0) User=0.00s Sys=0.04s Real=0.05s
[2022-02-19T21:45:59.677+0700][gc,start     ] GC(1) Pause Young (Concurrent Start) (Metadata GC Threshold)
[2022-02-19T21:45:59.677+0700][gc,task      ] GC(1) Using 1 workers of 1 for evacuation
[2022-02-19T21:45:59.724+0700][gc,mmu       ] GC(1) MMU target violated: 21.0ms (20.0ms/21.0ms)
[2022-02-19T21:45:59.724+0700][gc,phases    ] GC(1)   Pre Evacuate Collection Set: 0.0ms
[2022-02-19T21:45:59.724+0700][gc,phases    ] GC(1)   Evacuate Collection Set: 46.8ms
[2022-02-19T21:45:59.724+0700][gc,phases    ] GC(1)   Post Evacuate Collection Set: 0.2ms
[2022-02-19T21:45:59.724+0700][gc,phases    ] GC(1)   Other: 0.3ms
[2022-02-19T21:45:59.724+0700][gc,heap      ] GC(1) Eden regions: 22->0(50)
[2022-02-19T21:45:59.724+0700][gc,heap      ] GC(1) Survivor regions: 7->1(7)
[2022-02-19T21:45:59.724+0700][gc,heap      ] GC(1) Old regions: 0->7
[2022-02-19T21:45:59.724+0700][gc,heap      ] GC(1) Humongous regions: 0->0
[2022-02-19T21:45:59.724+0700][gc,metaspace ] GC(1) Metaspace: 20613K->20613K(1067008K)
[2022-02-19T21:45:59.724+0700][gc           ] GC(1) Pause Young (Concurrent Start) (Metadata GC Threshold) 28M->7M(1024M) 47.319ms
[2022-02-19T21:45:59.724+0700][gc,cpu       ] GC(1) User=0.02s Sys=0.03s Real=0.03s
[2022-02-19T21:45:59.725+0700][gc           ] GC(2) Concurrent Cycle
[2022-02-19T21:45:59.725+0700][gc,marking   ] GC(2) Concurrent Clear Claimed Marks
[2022-02-19T21:45:59.725+0700][gc,marking   ] GC(2) Concurrent Clear Claimed Marks 0.028ms
[2022-02-19T21:45:59.725+0700][gc,marking   ] GC(2) Concurrent Scan Root Regions
[2022-02-19T21:45:59.728+0700][gc,marking   ] GC(2) Concurrent Scan Root Regions 2.975ms
[2022-02-19T21:45:59.728+0700][gc,marking   ] GC(2) Concurrent Mark (3.477s)
[2022-02-19T21:45:59.728+0700][gc,marking   ] GC(2) Concurrent Mark From Roots
[2022-02-19T21:45:59.728+0700][gc,task      ] GC(2) Using 1 workers of 1 for marking
[2022-02-19T21:45:59.735+0700][gc,marking   ] GC(2) Concurrent Mark From Roots 7.229ms
[2022-02-19T21:45:59.735+0700][gc,marking   ] GC(2) Concurrent Preclean
[2022-02-19T21:45:59.735+0700][gc,marking   ] GC(2) Concurrent Preclean 0.062ms
[2022-02-19T21:45:59.735+0700][gc,marking   ] GC(2) Concurrent Mark (3.477s, 3.484s) 7.334ms
[2022-02-19T21:45:59.737+0700][gc,start     ] GC(2) Pause Remark
[2022-02-19T21:45:59.740+0700][gc,stringtable] GC(2) Cleaned string and symbol table, strings: 8944 processed, 0 removed, symbols: 50967 processed, 58 removed
[2022-02-19T21:45:59.740+0700][gc            ] GC(2) Pause Remark 7M->7M(1024M) 2.931ms
[2022-02-19T21:45:59.740+0700][gc,cpu        ] GC(2) User=0.00s Sys=0.00s Real=0.00s
[2022-02-19T21:45:59.740+0700][gc,marking    ] GC(2) Concurrent Rebuild Remembered Sets
[2022-02-19T21:45:59.745+0700][gc,marking    ] GC(2) Concurrent Rebuild Remembered Sets 4.847ms
[2022-02-19T21:45:59.747+0700][gc,start      ] GC(2) Pause Cleanup
[2022-02-19T21:45:59.747+0700][gc            ] GC(2) Pause Cleanup 8M->8M(1024M) 0.308ms
[2022-02-19T21:45:59.747+0700][gc,cpu        ] GC(2) User=0.00s Sys=0.00s Real=0.00s
[2022-02-19T21:45:59.747+0700][gc,marking    ] GC(2) Concurrent Cleanup for Next Mark
[2022-02-19T21:45:59.874+0700][gc,marking    ] GC(2) Concurrent Cleanup for Next Mark 126.603ms
[2022-02-19T21:45:59.874+0700][gc            ] GC(2) Concurrent Cycle 149.097ms
[2022-02-19T21:46:01.889+0700][gc,start      ] GC(3) Pause Young (Normal) (G1 Evacuation Pause)
[2022-02-19T21:46:01.889+0700][gc,task       ] GC(3) Using 1 workers of 1 for evacuation
[2022-02-19T21:46:01.922+0700][gc,mmu        ] GC(3) MMU target violated: 21.0ms (20.0ms/21.0ms)
[2022-02-19T21:46:01.922+0700][gc,phases     ] GC(3)   Pre Evacuate Collection Set: 0.0ms
[2022-02-19T21:46:01.922+0700][gc,phases     ] GC(3)   Evacuate Collection Set: 32.7ms
[2022-02-19T21:46:01.922+0700][gc,phases     ] GC(3)   Post Evacuate Collection Set: 0.2ms
[2022-02-19T21:46:01.922+0700][gc,phases     ] GC(3)   Other: 0.2ms
[2022-02-19T21:46:01.922+0700][gc,heap       ] GC(3) Eden regions: 50->0(46)
[2022-02-19T21:46:01.922+0700][gc,heap       ] GC(3) Survivor regions: 1->5(7)
[2022-02-19T21:46:01.922+0700][gc,heap       ] GC(3) Old regions: 7->7
[2022-02-19T21:46:01.922+0700][gc,heap       ] GC(3) Humongous regions: 129->129
[2022-02-19T21:46:01.922+0700][gc,metaspace  ] GC(3) Metaspace: 29512K->29512K(1075200K)
[2022-02-19T21:46:01.922+0700][gc            ] GC(3) Pause Young (Normal) (G1 Evacuation Pause) 186M->140M(1024M) 33.097ms
[2022-02-19T21:46:01.922+0700][gc,cpu        ] GC(3) User=0.02s Sys=0.00s Real=0.03s
[2022-02-19T21:46:02.995+0700][gc,start      ] GC(4) Pause Young (Concurrent Start) (Metadata GC Threshold)
[2022-02-19T21:46:02.995+0700][gc,task       ] GC(4) Using 1 workers of 1 for evacuation
[2022-02-19T21:46:03.057+0700][gc,mmu        ] GC(4) MMU target violated: 21.0ms (20.0ms/21.0ms)
[2022-02-19T21:46:03.057+0700][gc,phases     ] GC(4)   Pre Evacuate Collection Set: 0.1ms
[2022-02-19T21:46:03.057+0700][gc,phases     ] GC(4)   Evacuate Collection Set: 61.7ms
[2022-02-19T21:46:03.057+0700][gc,phases     ] GC(4)   Post Evacuate Collection Set: 0.3ms
[2022-02-19T21:46:03.057+0700][gc,phases     ] GC(4)   Other: 0.2ms
[2022-02-19T21:46:03.057+0700][gc,heap       ] GC(4) Eden regions: 24->0(49)
[2022-02-19T21:46:03.057+0700][gc,heap       ] GC(4) Survivor regions: 5->2(7)
[2022-02-19T21:46:03.057+0700][gc,heap       ] GC(4) Old regions: 7->12
[2022-02-19T21:46:03.057+0700][gc,heap       ] GC(4) Humongous regions: 129->129
[2022-02-19T21:46:03.057+0700][gc,metaspace  ] GC(4) Metaspace: 34518K->34518K(1081344K)
[2022-02-19T21:46:03.057+0700][gc            ] GC(4) Pause Young (Concurrent Start) (Metadata GC Threshold) 164M->141M(1024M) 62.336ms
[2022-02-19T21:46:03.057+0700][gc,cpu        ] GC(4) User=0.02s Sys=0.02s Real=0.07s
[2022-02-19T21:46:03.057+0700][gc            ] GC(5) Concurrent Cycle
[2022-02-19T21:46:03.057+0700][gc,marking    ] GC(5) Concurrent Clear Claimed Marks
[2022-02-19T21:46:03.058+0700][gc,marking    ] GC(5) Concurrent Clear Claimed Marks 0.100ms
[2022-02-19T21:46:03.058+0700][gc,marking    ] GC(5) Concurrent Scan Root Regions
[2022-02-19T21:46:03.065+0700][gc,marking    ] GC(5) Concurrent Scan Root Regions 7.067ms
[2022-02-19T21:46:03.065+0700][gc,marking    ] GC(5) Concurrent Mark (6.814s)
[2022-02-19T21:46:03.065+0700][gc,marking    ] GC(5) Concurrent Mark From Roots
[2022-02-19T21:46:03.065+0700][gc,task       ] GC(5) Using 1 workers of 1 for marking
[2022-02-19T21:46:03.167+0700][gc,marking    ] GC(5) Concurrent Mark From Roots 102.796ms
[2022-02-19T21:46:03.167+0700][gc,marking    ] GC(5) Concurrent Preclean
[2022-02-19T21:46:03.168+0700][gc,marking    ] GC(5) Concurrent Preclean 0.050ms
[2022-02-19T21:46:03.168+0700][gc,marking    ] GC(5) Concurrent Mark (6.814s, 6.917s) 102.885ms
[2022-02-19T21:46:03.173+0700][gc,start      ] GC(5) Pause Remark
[2022-02-19T21:46:03.177+0700][gc,stringtable] GC(5) Cleaned string and symbol table, strings: 14481 processed, 12 removed, symbols: 83788 processed, 16 removed
[2022-02-19T21:46:03.177+0700][gc            ] GC(5) Pause Remark 144M->144M(1024M) 4.401ms
[2022-02-19T21:46:03.177+0700][gc,cpu        ] GC(5) User=0.01s Sys=0.00s Real=0.00s
[2022-02-19T21:46:03.177+0700][gc,marking    ] GC(5) Concurrent Rebuild Remembered Sets
[2022-02-19T21:46:03.211+0700][gc,marking    ] GC(5) Concurrent Rebuild Remembered Sets 33.603ms
[2022-02-19T21:46:03.234+0700][gc,start      ] GC(5) Pause Cleanup
[2022-02-19T21:46:03.234+0700][gc            ] GC(5) Pause Cleanup 145M->145M(1024M) 0.180ms
[2022-02-19T21:46:03.234+0700][gc,cpu        ] GC(5) User=0.00s Sys=0.00s Real=0.00s
[2022-02-19T21:46:03.234+0700][gc,marking    ] GC(5) Concurrent Cleanup for Next Mark
[2022-02-19T21:46:03.533+0700][gc,marking    ] GC(5) Concurrent Cleanup for Next Mark 298.584ms
[2022-02-19T21:46:03.533+0700][gc            ] GC(5) Concurrent Cycle 475.593ms
