[2022-02-19T23:44:45.809+0700][gc,heap] Heap region size: 1M
[2022-02-19T23:44:45.815+0700][gc     ] Using G1
[2022-02-19T23:44:45.815+0700][gc,heap,coops] Heap address: 0x00000000e0000000, size: 512 MB, Compressed Oops mode: 32-bit
[2022-02-19T23:44:48.380+0700][gc,start     ] GC(0) Pause Young (Normal) (G1 Evacuation Pause)
[2022-02-19T23:44:48.380+0700][gc,task      ] GC(0) Using 1 workers of 1 for evacuation
[2022-02-19T23:44:48.425+0700][gc,mmu       ] GC(0) MMU target violated: 21.0ms (20.0ms/21.0ms)
[2022-02-19T23:44:48.425+0700][gc,phases    ] GC(0)   Pre Evacuate Collection Set: 0.0ms
[2022-02-19T23:44:48.425+0700][gc,phases    ] GC(0)   Evacuate Collection Set: 43.9ms
[2022-02-19T23:44:48.425+0700][gc,phases    ] GC(0)   Post Evacuate Collection Set: 0.4ms
[2022-02-19T23:44:48.425+0700][gc,phases    ] GC(0)   Other: 0.2ms
[2022-02-19T23:44:48.425+0700][gc,heap      ] GC(0) Eden regions: 25->0(21)
[2022-02-19T23:44:48.425+0700][gc,heap      ] GC(0) Survivor regions: 0->4(4)
[2022-02-19T23:44:48.425+0700][gc,heap      ] GC(0) Old regions: 0->4
[2022-02-19T23:44:48.425+0700][gc,heap      ] GC(0) Humongous regions: 0->0
[2022-02-19T23:44:48.425+0700][gc,metaspace ] GC(0) Metaspace: 7734K->7734K(1056768K)
[2022-02-19T23:44:48.425+0700][gc           ] GC(0) Pause Young (Normal) (G1 Evacuation Pause) 25M->7M(512M) 45.059ms
[2022-02-19T23:44:48.425+0700][gc,cpu       ] GC(0) User=0.01s Sys=0.03s Real=0.04s
