[2022-02-19T23:45:39.371+0700][gc,heap] Heap region size: 1M
[2022-02-19T23:45:39.395+0700][gc     ] Using G1
[2022-02-19T23:45:39.395+0700][gc,heap,coops] Heap address: 0x00000000c0000000, size: 1024 MB, Compressed Oops mode: 32-bit
[2022-02-19T23:45:42.142+0700][gc,start     ] GC(0) Pause Young (Normal) (G1 Evacuation Pause)
[2022-02-19T23:45:42.142+0700][gc,task      ] GC(0) Using 1 workers of 1 for evacuation
[2022-02-19T23:45:42.215+0700][gc,mmu       ] GC(0) MMU target violated: 21.0ms (20.0ms/21.0ms)
[2022-02-19T23:45:42.215+0700][gc,phases    ] GC(0)   Pre Evacuate Collection Set: 0.0ms
[2022-02-19T23:45:42.215+0700][gc,phases    ] GC(0)   Evacuate Collection Set: 72.2ms
[2022-02-19T23:45:42.215+0700][gc,phases    ] GC(0)   Post Evacuate Collection Set: 0.4ms
[2022-02-19T23:45:42.215+0700][gc,phases    ] GC(0)   Other: 0.3ms
[2022-02-19T23:45:42.215+0700][gc,heap      ] GC(0) Eden regions: 51->0(44)
[2022-02-19T23:45:42.215+0700][gc,heap      ] GC(0) Survivor regions: 0->7(7)
[2022-02-19T23:45:42.215+0700][gc,heap      ] GC(0) Old regions: 0->0
[2022-02-19T23:45:42.215+0700][gc,heap      ] GC(0) Humongous regions: 0->0
[2022-02-19T23:45:42.215+0700][gc,metaspace ] GC(0) Metaspace: 15165K->15165K(1062912K)
[2022-02-19T23:45:42.215+0700][gc           ] GC(0) Pause Young (Normal) (G1 Evacuation Pause) 51M->6M(1024M) 72.948ms
[2022-02-19T23:45:42.215+0700][gc,cpu       ] GC(0) User=0.00s Sys=0.04s Real=0.07s
[2022-02-19T23:45:43.072+0700][gc,start     ] GC(1) Pause Young (Concurrent Start) (Metadata GC Threshold)
[2022-02-19T23:45:43.072+0700][gc,task      ] GC(1) Using 1 workers of 1 for evacuation
[2022-02-19T23:45:43.122+0700][gc,mmu       ] GC(1) MMU target violated: 21.0ms (20.0ms/21.0ms)
[2022-02-19T23:45:43.122+0700][gc,phases    ] GC(1)   Pre Evacuate Collection Set: 0.1ms
[2022-02-19T23:45:43.122+0700][gc,phases    ] GC(1)   Evacuate Collection Set: 50.2ms
[2022-02-19T23:45:43.122+0700][gc,phases    ] GC(1)   Post Evacuate Collection Set: 0.2ms
[2022-02-19T23:45:43.122+0700][gc,phases    ] GC(1)   Other: 0.4ms
[2022-02-19T23:45:43.122+0700][gc,heap      ] GC(1) Eden regions: 23->0(50)
[2022-02-19T23:45:43.122+0700][gc,heap      ] GC(1) Survivor regions: 7->1(7)
[2022-02-19T23:45:43.122+0700][gc,heap      ] GC(1) Old regions: 0->7
[2022-02-19T23:45:43.122+0700][gc,heap      ] GC(1) Humongous regions: 0->0
[2022-02-19T23:45:43.122+0700][gc,metaspace ] GC(1) Metaspace: 20624K->20624K(1067008K)
[2022-02-19T23:45:43.122+0700][gc           ] GC(1) Pause Young (Concurrent Start) (Metadata GC Threshold) 29M->7M(1024M) 50.898ms
[2022-02-19T23:45:43.122+0700][gc,cpu       ] GC(1) User=0.02s Sys=0.02s Real=0.05s
[2022-02-19T23:45:43.123+0700][gc           ] GC(2) Concurrent Cycle
[2022-02-19T23:45:43.123+0700][gc,marking   ] GC(2) Concurrent Clear Claimed Marks
[2022-02-19T23:45:43.123+0700][gc,marking   ] GC(2) Concurrent Clear Claimed Marks 0.036ms
[2022-02-19T23:45:43.123+0700][gc,marking   ] GC(2) Concurrent Scan Root Regions
[2022-02-19T23:45:43.125+0700][gc,marking   ] GC(2) Concurrent Scan Root Regions 2.446ms
[2022-02-19T23:45:43.125+0700][gc,marking   ] GC(2) Concurrent Mark (3.762s)
[2022-02-19T23:45:43.125+0700][gc,marking   ] GC(2) Concurrent Mark From Roots
[2022-02-19T23:45:43.125+0700][gc,task      ] GC(2) Using 1 workers of 1 for marking
[2022-02-19T23:45:43.138+0700][gc,marking   ] GC(2) Concurrent Mark From Roots 12.609ms
[2022-02-19T23:45:43.138+0700][gc,marking   ] GC(2) Concurrent Preclean
[2022-02-19T23:45:43.138+0700][gc,marking   ] GC(2) Concurrent Preclean 0.072ms
[2022-02-19T23:45:43.138+0700][gc,marking   ] GC(2) Concurrent Mark (3.762s, 3.775s) 12.730ms
[2022-02-19T23:45:43.141+0700][gc,start     ] GC(2) Pause Remark
[2022-02-19T23:45:43.144+0700][gc,stringtable] GC(2) Cleaned string and symbol table, strings: 8951 processed, 0 removed, symbols: 51026 processed, 58 removed
[2022-02-19T23:45:43.144+0700][gc            ] GC(2) Pause Remark 8M->8M(1024M) 2.852ms
[2022-02-19T23:45:43.144+0700][gc,cpu        ] GC(2) User=0.00s Sys=0.00s Real=0.00s
[2022-02-19T23:45:43.144+0700][gc,marking    ] GC(2) Concurrent Rebuild Remembered Sets
[2022-02-19T23:45:43.151+0700][gc,marking    ] GC(2) Concurrent Rebuild Remembered Sets 7.120ms
[2022-02-19T23:45:43.155+0700][gc,start      ] GC(2) Pause Cleanup
[2022-02-19T23:45:43.155+0700][gc            ] GC(2) Pause Cleanup 8M->8M(1024M) 0.324ms
[2022-02-19T23:45:43.155+0700][gc,cpu        ] GC(2) User=0.00s Sys=0.00s Real=0.00s
[2022-02-19T23:45:43.155+0700][gc,marking    ] GC(2) Concurrent Cleanup for Next Mark
[2022-02-19T23:45:43.349+0700][gc,marking    ] GC(2) Concurrent Cleanup for Next Mark 194.322ms
[2022-02-19T23:45:43.349+0700][gc            ] GC(2) Concurrent Cycle 226.413ms
[2022-02-19T23:45:45.352+0700][gc,start      ] GC(3) Pause Young (Normal) (G1 Evacuation Pause)
[2022-02-19T23:45:45.352+0700][gc,task       ] GC(3) Using 1 workers of 1 for evacuation
[2022-02-19T23:45:45.361+0700][gc,phases     ] GC(3)   Pre Evacuate Collection Set: 0.0ms
[2022-02-19T23:45:45.361+0700][gc,phases     ] GC(3)   Evacuate Collection Set: 8.8ms
[2022-02-19T23:45:45.361+0700][gc,phases     ] GC(3)   Post Evacuate Collection Set: 0.2ms
[2022-02-19T23:45:45.361+0700][gc,phases     ] GC(3)   Other: 0.1ms
[2022-02-19T23:45:45.361+0700][gc,heap       ] GC(3) Eden regions: 50->0(47)
[2022-02-19T23:45:45.361+0700][gc,heap       ] GC(3) Survivor regions: 1->4(7)
[2022-02-19T23:45:45.361+0700][gc,heap       ] GC(3) Old regions: 7->7
[2022-02-19T23:45:45.361+0700][gc,heap       ] GC(3) Humongous regions: 129->129
[2022-02-19T23:45:45.361+0700][gc,metaspace  ] GC(3) Metaspace: 29403K->29403K(1075200K)
[2022-02-19T23:45:45.361+0700][gc            ] GC(3) Pause Young (Normal) (G1 Evacuation Pause) 186M->139M(1024M) 9.240ms
[2022-02-19T23:45:45.361+0700][gc,cpu        ] GC(3) User=0.01s Sys=0.00s Real=0.01s
[2022-02-19T23:45:46.287+0700][gc,start      ] GC(4) Pause Young (Concurrent Start) (Metadata GC Threshold)
[2022-02-19T23:45:46.287+0700][gc,task       ] GC(4) Using 1 workers of 1 for evacuation
[2022-02-19T23:45:46.303+0700][gc,phases     ] GC(4)   Pre Evacuate Collection Set: 0.1ms
[2022-02-19T23:45:46.303+0700][gc,phases     ] GC(4)   Evacuate Collection Set: 16.4ms
[2022-02-19T23:45:46.303+0700][gc,phases     ] GC(4)   Post Evacuate Collection Set: 0.2ms
[2022-02-19T23:45:46.303+0700][gc,phases     ] GC(4)   Other: 0.2ms
[2022-02-19T23:45:46.303+0700][gc,heap       ] GC(4) Eden regions: 24->0(46)
[2022-02-19T23:45:46.303+0700][gc,heap       ] GC(4) Survivor regions: 4->5(7)
[2022-02-19T23:45:46.303+0700][gc,heap       ] GC(4) Old regions: 7->8
[2022-02-19T23:45:46.303+0700][gc,heap       ] GC(4) Humongous regions: 129->129
[2022-02-19T23:45:46.303+0700][gc,metaspace  ] GC(4) Metaspace: 34537K->34537K(1081344K)
[2022-02-19T23:45:46.303+0700][gc            ] GC(4) Pause Young (Concurrent Start) (Metadata GC Threshold) 163M->141M(1024M) 16.937ms
[2022-02-19T23:45:46.304+0700][gc,cpu        ] GC(4) User=0.00s Sys=0.02s Real=0.01s
[2022-02-19T23:45:46.304+0700][gc            ] GC(5) Concurrent Cycle
[2022-02-19T23:45:46.304+0700][gc,marking    ] GC(5) Concurrent Clear Claimed Marks
[2022-02-19T23:45:46.304+0700][gc,marking    ] GC(5) Concurrent Clear Claimed Marks 0.079ms
[2022-02-19T23:45:46.304+0700][gc,marking    ] GC(5) Concurrent Scan Root Regions
[2022-02-19T23:45:46.332+0700][gc,marking    ] GC(5) Concurrent Scan Root Regions 28.376ms
[2022-02-19T23:45:46.332+0700][gc,marking    ] GC(5) Concurrent Mark (6.969s)
[2022-02-19T23:45:46.332+0700][gc,marking    ] GC(5) Concurrent Mark From Roots
[2022-02-19T23:45:46.332+0700][gc,task       ] GC(5) Using 1 workers of 1 for marking
[2022-02-19T23:45:46.362+0700][gc,marking    ] GC(5) Concurrent Mark From Roots 29.358ms
[2022-02-19T23:45:46.362+0700][gc,marking    ] GC(5) Concurrent Preclean
[2022-02-19T23:45:46.362+0700][gc,marking    ] GC(5) Concurrent Preclean 0.062ms
[2022-02-19T23:45:46.362+0700][gc,marking    ] GC(5) Concurrent Mark (6.969s, 6.999s) 29.474ms
[2022-02-19T23:45:46.362+0700][gc,start      ] GC(5) Pause Remark
[2022-02-19T23:45:46.367+0700][gc,stringtable] GC(5) Cleaned string and symbol table, strings: 14580 processed, 12 removed, symbols: 83696 processed, 17 removed
[2022-02-19T23:45:46.367+0700][gc            ] GC(5) Pause Remark 144M->144M(1024M) 4.726ms
[2022-02-19T23:45:46.367+0700][gc,cpu        ] GC(5) User=0.00s Sys=0.01s Real=0.00s
[2022-02-19T23:45:46.367+0700][gc,marking    ] GC(5) Concurrent Rebuild Remembered Sets
[2022-02-19T23:45:46.388+0700][gc,marking    ] GC(5) Concurrent Rebuild Remembered Sets 20.611ms
[2022-02-19T23:45:46.388+0700][gc,start      ] GC(5) Pause Cleanup
[2022-02-19T23:45:46.388+0700][gc            ] GC(5) Pause Cleanup 145M->145M(1024M) 0.192ms
[2022-02-19T23:45:46.388+0700][gc,cpu        ] GC(5) User=0.00s Sys=0.00s Real=0.00s
[2022-02-19T23:45:46.388+0700][gc,marking    ] GC(5) Concurrent Cleanup for Next Mark
[2022-02-19T23:45:46.721+0700][gc,marking    ] GC(5) Concurrent Cleanup for Next Mark 333.158ms
[2022-02-19T23:45:46.721+0700][gc            ] GC(5) Concurrent Cycle 417.788ms
[2022-02-20T00:11:25.684+0700][gc,start      ] GC(6) Pause Young (Concurrent Start) (G1 Evacuation Pause)
[2022-02-20T00:11:25.684+0700][gc,task       ] GC(6) Using 1 workers of 1 for evacuation
[2022-02-20T00:11:25.719+0700][gc,mmu        ] GC(6) MMU target violated: 21.0ms (20.0ms/21.0ms)
[2022-02-20T00:11:25.719+0700][gc,phases     ] GC(6)   Pre Evacuate Collection Set: 0.2ms
[2022-02-20T00:11:25.719+0700][gc,phases     ] GC(6)   Evacuate Collection Set: 32.3ms
[2022-02-20T00:11:25.719+0700][gc,phases     ] GC(6)   Post Evacuate Collection Set: 1.8ms
[2022-02-20T00:11:25.719+0700][gc,phases     ] GC(6)   Other: 0.6ms
[2022-02-20T00:11:25.719+0700][gc,heap       ] GC(6) Eden regions: 46->0(48)
[2022-02-20T00:11:25.719+0700][gc,heap       ] GC(6) Survivor regions: 5->3(7)
[2022-02-20T00:11:25.719+0700][gc,heap       ] GC(6) Old regions: 8->11
[2022-02-20T00:11:25.719+0700][gc,heap       ] GC(6) Humongous regions: 129->0
[2022-02-20T00:11:25.719+0700][gc,metaspace  ] GC(6) Metaspace: 40772K->40772K(1085440K)
[2022-02-20T00:11:25.719+0700][gc            ] GC(6) Pause Young (Concurrent Start) (G1 Evacuation Pause) 187M->13M(1024M) 34.901ms
[2022-02-20T00:11:25.719+0700][gc,cpu        ] GC(6) User=0.01s Sys=0.02s Real=0.02s
[2022-02-20T00:11:25.719+0700][gc            ] GC(7) Concurrent Cycle
[2022-02-20T00:11:25.719+0700][gc,marking    ] GC(7) Concurrent Clear Claimed Marks
[2022-02-20T00:11:25.720+0700][gc,marking    ] GC(7) Concurrent Clear Claimed Marks 0.164ms
[2022-02-20T00:11:25.720+0700][gc,marking    ] GC(7) Concurrent Scan Root Regions
[2022-02-20T00:11:25.722+0700][gc,marking    ] GC(7) Concurrent Scan Root Regions 2.550ms
[2022-02-20T00:11:25.722+0700][gc,marking    ] GC(7) Concurrent Mark (1546.359s)
[2022-02-20T00:11:25.722+0700][gc,marking    ] GC(7) Concurrent Mark From Roots
[2022-02-20T00:11:25.722+0700][gc,task       ] GC(7) Using 1 workers of 1 for marking
[2022-02-20T00:11:25.767+0700][gc,marking    ] GC(7) Concurrent Mark From Roots 44.740ms
[2022-02-20T00:11:25.767+0700][gc,marking    ] GC(7) Concurrent Preclean
[2022-02-20T00:11:25.767+0700][gc,marking    ] GC(7) Concurrent Preclean 0.134ms
[2022-02-20T00:11:25.767+0700][gc,marking    ] GC(7) Concurrent Mark (1546.359s, 1546.404s) 44.972ms
[2022-02-20T00:11:25.767+0700][gc,start      ] GC(7) Pause Remark
[2022-02-20T00:11:25.785+0700][gc,stringtable] GC(7) Cleaned string and symbol table, strings: 15559 processed, 342 removed, symbols: 90212 processed, 5 removed
[2022-02-20T00:11:25.786+0700][gc            ] GC(7) Pause Remark 14M->14M(1024M) 18.302ms
[2022-02-20T00:11:25.786+0700][gc,cpu        ] GC(7) User=0.01s Sys=0.00s Real=0.02s
[2022-02-20T00:11:25.786+0700][gc,marking    ] GC(7) Concurrent Rebuild Remembered Sets
[2022-02-20T00:11:25.793+0700][gc,marking    ] GC(7) Concurrent Rebuild Remembered Sets 6.874ms
[2022-02-20T00:11:25.793+0700][gc,start      ] GC(7) Pause Cleanup
[2022-02-20T00:11:25.794+0700][gc            ] GC(7) Pause Cleanup 14M->14M(1024M) 0.194ms
[2022-02-20T00:11:25.794+0700][gc,cpu        ] GC(7) User=0.00s Sys=0.00s Real=0.00s
[2022-02-20T00:11:25.794+0700][gc,marking    ] GC(7) Concurrent Cleanup for Next Mark
[2022-02-20T00:11:25.869+0700][gc,marking    ] GC(7) Concurrent Cleanup for Next Mark 75.300ms
[2022-02-20T00:11:25.869+0700][gc            ] GC(7) Concurrent Cycle 149.728ms
[2022-02-20T00:11:29.219+0700][gc,heap,exit  ] Heap
[2022-02-20T00:11:29.219+0700][gc,heap,exit  ]  garbage-first heap   total 1048576K, used 18577K [0x00000000c0000000, 0x0000000100000000)
[2022-02-20T00:11:29.219+0700][gc,heap,exit  ]   region size 1024K, 9 young (9216K), 3 survivors (3072K)
[2022-02-20T00:11:29.219+0700][gc,heap,exit  ]  Metaspace       used 40775K, capacity 42996K, committed 43520K, reserved 1085440K
[2022-02-20T00:11:29.219+0700][gc,heap,exit  ]   class space    used 5670K, capacity 6770K, committed 6912K, reserved 1048576K
